---
source: crates/geko_tests/src/lex.rs
expression: result
---
[
    Token {
        span: Span(
            0..3,
        ),
        kind: Use,
        lexeme: "use",
    },
    Token {
        span: Span(
            4..6,
        ),
        kind: As,
        lexeme: "as",
    },
    Token {
        span: Span(
            7..10,
        ),
        kind: For,
        lexeme: "for",
    },
    Token {
        span: Span(
            11..16,
        ),
        kind: While,
        lexeme: "while",
    },
    Token {
        span: Span(
            17..22,
        ),
        kind: Class,
        lexeme: "class",
    },
    Token {
        span: Span(
            23..26,
        ),
        kind: Fun,
        lexeme: "fun",
    },
    Token {
        span: Span(
            27..29,
        ),
        kind: In,
        lexeme: "in",
    },
    Token {
        span: Span(
            30..32,
        ),
        kind: If,
        lexeme: "if",
    },
    Token {
        span: Span(
            33..37,
        ),
        kind: Else,
        lexeme: "else",
    },
    Token {
        span: Span(
            38..41,
        ),
        kind: Id,
        lexeme: "let",
    },
    Token {
        span: Span(
            42..48,
        ),
        kind: Return,
        lexeme: "return",
    },
    Token {
        span: Span(
            49..57,
        ),
        kind: Continue,
        lexeme: "continue",
    },
    Token {
        span: Span(
            58..63,
        ),
        kind: Break,
        lexeme: "break",
    },
    Token {
        span: Span(
            64..69,
        ),
        kind: Trait,
        lexeme: "trait",
    },
    Token {
        span: Span(
            70..74,
        ),
        kind: Pick,
        lexeme: "pick",
    },
]
