---
source: crates/tick_tests/src/parse.rs
expression: result
---
Block {
    span: Span(
        9..93,
    ),
    statements: [
        Let {
            span: Span(
                9..92,
            ),
            name: "value",
            value: Bin {
                span: Span(
                    21..92,
                ),
                op: Or,
                left: Bin {
                    span: Span(
                        21..76,
                    ),
                    op: And,
                    left: Bin {
                        span: Span(
                            21..67,
                        ),
                        op: tickAnd,
                        left: Bin {
                            span: Span(
                                21..59,
                            ),
                            op: Eq,
                            left: Bin {
                                span: Span(
                                    22..50,
                                ),
                                op: Xor,
                                left: Bin {
                                    span: Span(
                                        23..44,
                                    ),
                                    op: Mod,
                                    left: Bin {
                                        span: Span(
                                            24..39,
                                        ),
                                        op: Div,
                                        left: Bin {
                                            span: Span(
                                                24..35,
                                            ),
                                            op: Mul,
                                            left: Bin {
                                                span: Span(
                                                    25..30,
                                                ),
                                                op: Add,
                                                left: Lit {
                                                    span: Span(
                                                        25..26,
                                                    ),
                                                    lit: Number(
                                                        "2",
                                                    ),
                                                },
                                                right: Lit {
                                                    span: Span(
                                                        29..30,
                                                    ),
                                                    lit: Number(
                                                        "2",
                                                    ),
                                                },
                                            },
                                            right: Lit {
                                                span: Span(
                                                    34..35,
                                                ),
                                                lit: Number(
                                                    "2",
                                                ),
                                            },
                                        },
                                        right: Lit {
                                            span: Span(
                                                38..39,
                                            ),
                                            lit: Number(
                                                "2",
                                            ),
                                        },
                                    },
                                    right: Lit {
                                        span: Span(
                                            43..44,
                                        ),
                                        lit: Number(
                                            "3",
                                        ),
                                    },
                                },
                                right: Lit {
                                    span: Span(
                                        48..50,
                                    ),
                                    lit: Number(
                                        "65",
                                    ),
                                },
                            },
                            right: Lit {
                                span: Span(
                                    55..59,
                                ),
                                lit: Bool(
                                    "true",
                                ),
                            },
                        },
                        right: Lit {
                            span: Span(
                                62..67,
                            ),
                            lit: Bool(
                                "false",
                            ),
                        },
                    },
                    right: Lit {
                        span: Span(
                            71..76,
                        ),
                        lit: Bool(
                            "false",
                        ),
                    },
                },
                right: Bin {
                    span: Span(
                        80..92,
                    ),
                    op: tickAnd,
                    left: Lit {
                        span: Span(
                            80..84,
                        ),
                        lit: Bool(
                            "true",
                        ),
                    },
                    right: Lit {
                        span: Span(
                            87..92,
                        ),
                        lit: Bool(
                            "false",
                        ),
                    },
                },
            },
        },
    ],
}
